[component_container_isolated-12] [INFO] [1774043520.432237588] [otto_1.controller_server]: Created progress_checker : progress_checker of type nav2_controller::SimpleProgressChecker
[component_container_isolated-12] [INFO] [1774043520.432706375] [otto_1.controller_server]: Controller Server has progress_checker  progress checkers available.
[component_container_isolated-12] [INFO] [1774043520.432806162] [map_io]: Read map /home/mpelka/dev/ROSCon2023Demo/ros2_ws/install/otto_fleet_nav/share/otto_fleet_nav/maps/map_demolevel2.pgm: 2200 X 1662 map @ 0.05445 m/cell
[component_container_isolated-15] [INFO] [1774043520.432816345] [otto_2.map_server]: Creating bond (map_server) to lifecycle manager.
[component_container_isolated-15] [INFO] [1774043520.433668078] [otto_2.nav2_container]: Load Library: /opt/ros/jazzy/lib/libbt_navigator_core.so
[component_container_isolated-12] [INFO] [1774043520.433771029] [otto_1.controller_server]: Created goal checker : goal_checker of type nav2_controller::SimpleGoalChecker
[component_container_isolated-12] [INFO] [1774043520.434084083] [otto_1.controller_server]: Controller Server has goal_checker  goal checkers available.
[component_container_isolated-15] [INFO] [1774043520.439347790] [otto_2.nav2_container]: Found class: rclcpp_components::NodeFactoryTemplate<nav2_bt_navigator::BtNavigator>
[component_container_isolated-15] [INFO] [1774043520.439458518] [otto_2.nav2_container]: Instantiate class: rclcpp_components::NodeFactoryTemplate<nav2_bt_navigator::BtNavigator>
[component_container_isolated-12] [INFO] [1774043520.447867600] [otto_1.controller_server]: Created controller : FollowPath of type dwb_core::DWBLocalPlanner
[component_container_isolated-12] [INFO] [1774043520.450769173] [otto_1.lifecycle_manager_localization]: [34m[1mActivating map_server[0m[0m
[component_container_isolated-12] [INFO] [1774043520.452223666] [otto_1.map_server]: Activating
[component_container_isolated-12] [INFO] [1774043520.452855011] [otto_1.controller_server]: Setting transform_tolerance to 0.200000
[component_container_isolated-15] [INFO] [1774043520.455307807] [otto_2.bt_navigator]: 
[component_container_isolated-15] 	bt_navigator lifecycle node launched. 
[component_container_isolated-15] 	Waiting on external lifecycle transitions to activate
[component_container_isolated-15] 	See https://design.ros2.org/articles/node_lifecycle.html for more information.
[component_container_isolated-12] [INFO] [1774043520.458535574] [otto_1.map_server]: Creating bond (map_server) to lifecycle manager.
[component_container_isolated-15] [INFO] [1774043520.464359947] [otto_2.bt_navigator]: Creating
[INFO] [launch_ros.actions.load_composable_nodes]: Loaded node '/otto_2/bt_navigator' in container 'otto_2/nav2_container'
[component_container_isolated-15] [INFO] [1774043520.468884698] [otto_2.nav2_container]: Load Library: /opt/ros/jazzy/lib/libwaypoint_follower_core.so
[component_container_isolated-12] [INFO] [1774043520.469531343] [otto_1.controller_server]: Using critic "RotateToGoal" (dwb_critics::RotateToGoalCritic)
[component_container_isolated-15] [INFO] [1774043520.470906427] [otto_2.nav2_container]: Found class: rclcpp_components::NodeFactoryTemplate<nav2_waypoint_follower::WaypointFollower>
[component_container_isolated-15] [INFO] [1774043520.470950847] [otto_2.nav2_container]: Instantiate class: rclcpp_components::NodeFactoryTemplate<nav2_waypoint_follower::WaypointFollower>
[component_container_isolated-12] [INFO] [1774043520.471696715] [otto_1.controller_server]: Critic plugin initialized
[component_container_isolated-12] [INFO] [1774043520.471897730] [otto_1.controller_server]: Using critic "Oscillation" (dwb_critics::OscillationCritic)
[component_container_isolated-12] [INFO] [1774043520.472265161] [otto_1.controller_server]: Critic plugin initialized
[component_container_isolated-12] [INFO] [1774043520.472369606] [otto_1.controller_server]: Using critic "BaseObstacle" (dwb_critics::BaseObstacleCritic)
[component_container_isolated-12] [INFO] [1774043520.472511231] [otto_1.controller_server]: Critic plugin initialized
[component_container_isolated-12] [INFO] [1774043520.472584025] [otto_1.controller_server]: Using critic "GoalAlign" (dwb_critics::GoalAlignCritic)
[component_container_isolated-12] [INFO] [1774043520.472882910] [otto_1.controller_server]: Critic plugin initialized
[component_container_isolated-12] [INFO] [1774043520.472998721] [otto_1.controller_server]: Using critic "PathAlign" (dwb_critics::PathAlignCritic)
[ERROR] [move_group-11]: process has died [pid 615920, exit code -6, cmd '/home/mpelka/RetailSim/RetailSim/ros2_ws/install/moveit_ros_move_group/lib/moveit_ros_move_group/move_group --ros-args -r __ns:=/ur4 --params-file /tmp/launch_params_4b803_or --params-file /tmp/launch_params_cerdubnr --params-file /tmp/launch_params_3ghod2g2 --params-file /tmp/launch_params_t1oh3y0t --params-file /tmp/launch_params_kb3nde4c --params-file /tmp/launch_params_5070wvjv --params-file /tmp/launch_params_7gmmlyz6 --params-file /tmp/launch_params_rbb3ybt0 --params-file /home/mpelka/dev/ROSCon2023Demo/ros2_ws/install/ur_palletization/share/ur_palletization/config/sensors_3d.yaml --params-file /tmp/launch_params_gl613yw9 --params-file /tmp/launch_params_zq52s7ma --params-file /tmp/launch_params_jv2_5y4v'].
[component_container_isolated-12] [INFO] [1774043520.475029859] [otto_1.controller_server]: Critic plugin initialized
[component_container_isolated-12] [INFO] [1774043520.475681251] [otto_1.controller_server]: Using critic "PathDist" (dwb_critics::PathDistCritic)
[component_container_isolated-12] [INFO] [1774043520.478306858] [otto_1.controller_server]: Critic plugin initialized
[component_container_isolated-12] [INFO] [1774043520.479623191] [otto_1.controller_server]: Using critic "GoalDist" (dwb_critics::GoalDistCritic)
[component_container_isolated-12] [INFO] [1774043520.479920560] [otto_1.controller_server]: Critic plugin initialized
[component_container_isolated-12] [INFO] [1774043520.480216533] [otto_1.controller_server]: Controller Server has FollowPath  controllers available.
[component_container_isolated-15] [INFO] [1774043520.480027520] [otto_2.waypoint_follower]: 
[component_container_isolated-15] 	waypoint_follower lifecycle node launched. 
[component_container_isolated-15] 	Waiting on external lifecycle transitions to activate
[component_container_isolated-15] 	See https://design.ros2.org/articles/node_lifecycle.html for more information.
[component_container_isolated-15] [INFO] [1774043520.481893277] [otto_2.waypoint_follower]: Creating
[INFO] [launch_ros.actions.load_composable_nodes]: Loaded node '/otto_2/waypoint_follower' in container 'otto_2/nav2_container'
[component_container_isolated-15] [INFO] [1774043520.490527400] [otto_2.nav2_container]: Load Library: /opt/ros/jazzy/lib/libvelocity_smoother_core.so
[component_container_isolated-12] [INFO] [1774043520.491493854] [otto_1.lifecycle_manager_navigation]: [34m[1mConfiguring smoother_server[0m[0m
[component_container_isolated-12] [INFO] [1774043520.491726167] [otto_1.smoother_server]: Configuring smoother server
[component_container_isolated-15] [INFO] [1774043520.492066171] [otto_2.nav2_container]: Found class: rclcpp_components::NodeFactoryTemplate<nav2_velocity_smoother::VelocitySmoother>
[component_container_isolated-15] [INFO] [1774043520.492133564] [otto_2.nav2_container]: Instantiate class: rclcpp_components::NodeFactoryTemplate<nav2_velocity_smoother::VelocitySmoother>
[ERROR] [move_group-7]: process has died [pid 615916, exit code -6, cmd '/home/mpelka/RetailSim/RetailSim/ros2_ws/install/moveit_ros_move_group/lib/moveit_ros_move_group/move_group --ros-args -r __ns:=/ur2 --params-file /tmp/launch_params_twzcrrln --params-file /tmp/launch_params_uybp48v1 --params-file /tmp/launch_params_4pe_3ebv --params-file /tmp/launch_params_5oodc726 --params-file /tmp/launch_params_4py48cd_ --params-file /tmp/launch_params_lk0xrqwm --params-file /tmp/launch_params_evxjo2ec --params-file /tmp/launch_params_xtaae90j --params-file /home/mpelka/dev/ROSCon2023Demo/ros2_ws/install/ur_palletization/share/ur_palletization/config/sensors_3d.yaml --params-file /tmp/launch_params_s45w_9j1 --params-file /tmp/launch_params_rzhk7b8g --params-file /tmp/launch_params_guj05p2f'].
[component_container_isolated-12] [INFO] [1774043520.500833979] [otto_1.smoother_server]: Created smoother : simple_smoother of type nav2_smoother::SimpleSmoother
[component_container_isolated-12] [INFO] [1774043520.502511661] [otto_1.smoother_server]: Smoother Server has simple_smoother  smoothers available.
[component_container_isolated-15] [INFO] [1774043520.505081114] [otto_2.velocity_smoother]: 
[component_container_isolated-15] 	velocity_smoother lifecycle node launched. 
[component_container_isolated-15] 	Waiting on external lifecycle transitions to activate
[component_container_isolated-15] 	See https://design.ros2.org/articles/node_lifecycle.html for more information.
[INFO] [launch_ros.actions.load_composable_nodes]: Loaded node '/otto_2/velocity_smoother' in container 'otto_2/nav2_container'
[component_container_isolated-12] [INFO] [1774043520.507647660] [otto_1.lifecycle_manager_navigation]: [34m[1mConfiguring planner_server[0m[0m
[component_container_isolated-12] [INFO] [1774043520.507789702] [otto_1.planner_server]: Configuring
[component_container_isolated-12] [INFO] [1774043520.507832564] [otto_1.global_costmap.global_costmap]: Configuring
[component_container_isolated-15] [INFO] [1774043520.509271019] [otto_2.nav2_container]: Found class: rclcpp_components::NodeFactoryTemplate<nav2_lifecycle_manager::LifecycleManager>
[component_container_isolated-15] [INFO] [1774043520.509316299] [otto_2.nav2_container]: Instantiate class: rclcpp_components::NodeFactoryTemplate<nav2_lifecycle_manager::LifecycleManager>
[component_container_isolated-12] [INFO] [1774043520.512911557] [otto_1.global_costmap.global_costmap]: Using plugin "static_layer"
[component_container_isolated-12] [INFO] [1774043520.515859094] [otto_1.global_costmap.global_costmap]: Subscribing to the map topic (/otto_1/map) with transient local durability
[component_container_isolated-12] [INFO] [1774043520.516343143] [otto_1.global_costmap.global_costmap]: Initialized plugin "static_layer"
[component_container_isolated-12] [INFO] [1774043520.516366804] [otto_1.global_costmap.global_costmap]: Using plugin "obstacle_layer"
[component_container_isolated-15] [INFO] [1774043520.517482971] [otto_2.lifecycle_manager_navigation]: Creating
[component_container_isolated-12] [INFO] [1774043520.518288441] [otto_1.global_costmap.global_costmap]: Subscribed to Topics: scan_front scan_rear
[component_container_isolated-15] [INFO] [1774043520.518799101] [otto_2.lifecycle_manager_navigation]: [34m[1mCreating and initializing lifecycle service clients[0m[0m
[INFO] [launch_ros.actions.load_composable_nodes]: Loaded node '/otto_2/lifecycle_manager_navigation' in container 'otto_2/nav2_container'
[ERROR] [move_group-9]: process has died [pid 615918, exit code -6, cmd '/home/mpelka/RetailSim/RetailSim/ros2_ws/install/moveit_ros_move_group/lib/moveit_ros_move_group/move_group --ros-args -r __ns:=/ur3 --params-file /tmp/launch_params_3umnc7ab --params-file /tmp/launch_params_bqwms1un --params-file /tmp/launch_params_t889xaro --params-file /tmp/launch_params_wmchduww --params-file /tmp/launch_params_1btjwhkc --params-file /tmp/launch_params_0u_e969o --params-file /tmp/launch_params_nxn_u3yz --params-file /tmp/launch_params_o5_ntqwe --params-file /home/mpelka/dev/ROSCon2023Demo/ros2_ws/install/ur_palletization/share/ur_palletization/config/sensors_3d.yaml --params-file /tmp/launch_params_tc5oe8w8 --params-file /tmp/launch_params_7ki4y510 --params-file /tmp/launch_params_z4qw3cr1'].
[component_container_isolated-15] [INFO] [1774043520.524428364] [otto_2.lifecycle_manager_navigation]: [34m[1mStarting managed nodes bringup...[0m[0m
[component_container_isolated-15] [INFO] [1774043520.524499405] [otto_2.lifecycle_manager_navigation]: [34m[1mConfiguring controller_server[0m[0m
[component_container_isolated-15] [INFO] [1774043520.524693707] [otto_2.controller_server]: Configuring controller interface
[component_container_isolated-15] [INFO] [1774043520.524724097] [otto_2.controller_server]: getting progress checker plugins..
[component_container_isolated-15] [INFO] [1774043520.524899549] [otto_2.controller_server]: getting goal checker plugins..
[component_container_isolated-15] [INFO] [1774043520.525119860] [otto_2.controller_server]: Controller frequency set to 20.0000Hz
[component_container_isolated-15] [INFO] [1774043520.525188710] [otto_2.local_costmap.local_costmap]: Configuring
[component_container_isolated-12] [INFO] [1774043520.525384039] [otto_1.global_costmap.global_costmap]: Initialized plugin "obstacle_layer"
[component_container_isolated-12] [INFO] [1774043520.525422011] [otto_1.global_costmap.global_costmap]: Using plugin "inflation_layer"
[component_container_isolated-12] [INFO] [1774043520.527045604] [otto_1.global_costmap.global_costmap]: Initialized plugin "inflation_layer"
[component_container_isolated-15] [INFO] [1774043520.529580315] [otto_2.local_costmap.local_costmap]: Using plugin "voxel_layer"
[component_container_isolated-15] [INFO] [1774043520.534775930] [otto_2.local_costmap.local_costmap]: Subscribed to Topics: scan_front scan_rear
[component_container_isolated-12] [INFO] [1774043520.536226373] [otto_1.planner_server]: Created global planner plugin GridBased of type nav2_navfn_planner::NavfnPlanner
[component_container_isolated-12] [INFO] [1774043520.536279269] [otto_1.planner_server]: Configuring plugin GridBased of type NavfnPlanner
[component_container_isolated-12] [INFO] [1774043520.537377968] [otto_1.global_costmap.global_costmap]: StaticLayer: Resizing costmap to 2200 X 1662 at 0.054450 m/pix
[component_container_isolated-12] [INFO] [1774043520.537693931] [otto_1.planner_server]: Planner Server has GridBased  planners available.
[component_container_isolated-15] [INFO] [1774043520.542637825] [otto_2.local_costmap.local_costmap]: Initialized plugin "voxel_layer"
[component_container_isolated-15] [INFO] [1774043520.544012184] [otto_2.local_costmap.local_costmap]: Using plugin "inflation_layer"
[component_container_isolated-15] [INFO] [1774043520.546855091] [otto_2.lifecycle_manager_localization]: Server map_server connected with bond.
[component_container_isolated-15] [INFO] [1774043520.546912209] [otto_2.lifecycle_manager_localization]: [34m[1mManaged nodes are active[0m[0m
[component_container_isolated-15] [INFO] [1774043520.546937592] [otto_2.lifecycle_manager_localization]: [34m[1mCreating bond timer...[0m[0m
[component_container_isolated-15] [INFO] [1774043520.547574943] [otto_2.local_costmap.local_costmap]: Initialized plugin "inflation_layer"
[component_container_isolated-12] [INFO] [1774043520.548181922] [otto_1.lifecycle_manager_navigation]: [34m[1mConfiguring behavior_server[0m[0m
[component_container_isolated-12] [INFO] [1774043520.548379974] [otto_1.behavior_server]: Configuring
[component_container_isolated-12] [INFO] [1774043520.550580229] [otto_1.behavior_server]: Creating behavior plugin spin of type nav2_behaviors::Spin
[component_container_isolated-12] [INFO] [1774043520.553031805] [otto_1.behavior_server]: Creating behavior plugin backup of type nav2_behaviors::BackUp
[component_container_isolated-12] [INFO] [1774043520.554475117] [otto_1.behavior_server]: Creating behavior plugin drive_on_heading of type nav2_behaviors::DriveOnHeading
[component_container_isolated-12] [INFO] [1774043520.556004517] [otto_1.behavior_server]: Creating behavior plugin wait of type nav2_behaviors::Wait
[component_container_isolated-12] [INFO] [1774043520.558118835] [otto_1.behavior_server]: Configuring spin
[component_container_isolated-15] [INFO] [1774043520.557802046] [otto_2.controller_server]: Created progress_checker : progress_checker of type nav2_controller::SimpleProgressChecker
[component_container_isolated-15] [INFO] [1774043520.558267608] [otto_2.controller_server]: Controller Server has progress_checker  progress checkers available.
[component_container_isolated-15] [INFO] [1774043520.558834236] [otto_2.controller_server]: Created goal checker : goal_checker of type nav2_controller::SimpleGoalChecker
[component_container_isolated-15] [INFO] [1774043520.559101156] [otto_2.controller_server]: Controller Server has goal_checker  goal checkers available.
[component_container_isolated-12] [INFO] [1774043520.561904195] [otto_1.behavior_server]: Configuring backup
[component_container_isolated-12] [INFO] [1774043520.563470349] [otto_1.lifecycle_manager_localization]: Server map_server connected with bond.
[component_container_isolated-12] [INFO] [1774043520.563522590] [otto_1.lifecycle_manager_localization]: [34m[1mManaged nodes are active[0m[0m
[component_container_isolated-12] [INFO] [1774043520.563533998] [otto_1.lifecycle_manager_localization]: [34m[1mCreating bond timer...[0m[0m
[component_container_isolated-15] [INFO] [1774043520.565132873] [otto_2.controller_server]: Created controller : FollowPath of type dwb_core::DWBLocalPlanner
[component_container_isolated-12] [INFO] [1774043520.565653429] [otto_1.behavior_server]: Configuring drive_on_heading
[component_container_isolated-15] [INFO] [1774043520.566955521] [otto_2.controller_server]: Setting transform_tolerance to 0.200000
[component_container_isolated-12] [INFO] [1774043520.568450918] [otto_1.behavior_server]: Configuring wait
[component_container_isolated-12] [INFO] [1774043520.570853150] [otto_1.lifecycle_manager_navigation]: [34m[1mConfiguring bt_navigator[0m[0m
[component_container_isolated-12] [INFO] [1774043520.571068721] [otto_1.bt_navigator]: Configuring
[component_container_isolated-12] [INFO] [1774043520.573453914] [otto_1.bt_navigator]: Creating navigator id navigate_to_pose of type nav2_bt_navigator::NavigateToPoseNavigator
[component_container_isolated-15] [INFO] [1774043520.576267706] [otto_2.controller_server]: Using critic "RotateToGoal" (dwb_critics::RotateToGoalCritic)
[component_container_isolated-15] [INFO] [1774043520.576870559] [otto_2.controller_server]: Critic plugin initialized
[component_container_isolated-15] [INFO] [1774043520.577036549] [otto_2.controller_server]: Using critic "Oscillation" (dwb_critics::OscillationCritic)
[component_container_isolated-12] [WARN] [1774043520.577246029] [otto_1.bt_navigator]: Error_code parameters were not set. Using default values of: follow_path_error_code compute_path_error_code
[component_container_isolated-12] Make sure these match your BT and there are not other sources of error codes youreported to your application
[component_container_isolated-15] [INFO] [1774043520.577431548] [otto_2.controller_server]: Critic plugin initialized
[component_container_isolated-15] [INFO] [1774043520.577538566] [otto_2.controller_server]: Using critic "BaseObstacle" (dwb_critics::BaseObstacleCritic)
[component_container_isolated-15] [INFO] [1774043520.577704919] [otto_2.controller_server]: Critic plugin initialized
[component_container_isolated-15] [INFO] [1774043520.577801244] [otto_2.controller_server]: Using critic "GoalAlign" (dwb_critics::GoalAlignCritic)
[component_container_isolated-15] [INFO] [1774043520.578857106] [otto_2.controller_server]: Critic plugin initialized
[component_container_isolated-15] [INFO] [1774043520.579062456] [otto_2.controller_server]: Using critic "PathAlign" (dwb_critics::PathAlignCritic)
[component_container_isolated-15] [INFO] [1774043520.579326645] [otto_2.controller_server]: Critic plugin initialized
[component_container_isolated-15] [INFO] [1774043520.579426021] [otto_2.controller_server]: Using critic "PathDist" (dwb_critics::PathDistCritic)
[component_container_isolated-15] [INFO] [1774043520.579919506] [otto_2.controller_server]: Critic plugin initialized
[component_container_isolated-15] [INFO] [1774043520.580046088] [otto_2.controller_server]: Using critic "GoalDist" (dwb_critics::GoalDistCritic)
[component_container_isolated-15] [INFO] [1774043520.580358838] [otto_2.controller_server]: Critic plugin initialized
[component_container_isolated-15] [INFO] [1774043520.580400866] [otto_2.controller_server]: Controller Server has FollowPath  controllers available.
[component_container_isolated-15] [INFO] [1774043520.585140623] [otto_2.lifecycle_manager_navigation]: [34m[1mConfiguring smoother_server[0m[0m
[component_container_isolated-15] [INFO] [1774043520.585422142] [otto_2.smoother_server]: Configuring smoother server
[component_container_isolated-15] [INFO] [1774043520.590036875] [otto_2.smoother_server]: Created smoother : simple_smoother of type nav2_smoother::SimpleSmoother
[component_container_isolated-15] [INFO] [1774043520.591302124] [otto_2.smoother_server]: Smoother Server has simple_smoother  smoothers available.
[component_container_isolated-15] [INFO] [1774043520.594222279] [otto_2.lifecycle_manager_navigation]: [34m[1mConfiguring planner_server[0m[0m
[component_container_isolated-15] [INFO] [1774043520.594323220] [otto_2.planner_server]: Configuring
[component_container_isolated-15] [INFO] [1774043520.594361734] [otto_2.global_costmap.global_costmap]: Configuring
[component_container_isolated-15] [INFO] [1774043520.596550724] [otto_2.global_costmap.global_costmap]: Using plugin "static_layer"
[component_container_isolated-15] [INFO] [1774043520.597790680] [otto_2.global_costmap.global_costmap]: Subscribing to the map topic (/otto_2/map) with transient local durability
[component_container_isolated-15] [INFO] [1774043520.598204084] [otto_2.global_costmap.global_costmap]: Initialized plugin "static_layer"
[component_container_isolated-15] [INFO] [1774043520.598218703] [otto_2.global_costmap.global_costmap]: Using plugin "obstacle_layer"
[component_container_isolated-15] [INFO] [1774043520.598749600] [otto_2.global_costmap.global_costmap]: Subscribed to Topics: scan_front scan_rear
[component_container_isolated-15] [INFO] [1774043520.602721092] [otto_2.global_costmap.global_costmap]: Initialized plugin "obstacle_layer"
[component_container_isolated-15] [INFO] [1774043520.602765618] [otto_2.global_costmap.global_costmap]: Using plugin "inflation_layer"
[component_container_isolated-15] [INFO] [1774043520.603928914] [otto_2.global_costmap.global_costmap]: Initialized plugin "inflation_layer"
[component_container_isolated-15] [INFO] [1774043520.612088660] [otto_2.planner_server]: Created global planner plugin GridBased of type nav2_navfn_planner::NavfnPlanner
[component_container_isolated-15] [INFO] [1774043520.612127738] [otto_2.planner_server]: Configuring plugin GridBased of type NavfnPlanner
[component_container_isolated-15] [INFO] [1774043520.612522948] [otto_2.planner_server]: Planner Server has GridBased  planners available.
[component_container_isolated-15] [INFO] [1774043520.613158675] [otto_2.global_costmap.global_costmap]: StaticLayer: Resizing costmap to 2200 X 1662 at 0.054450 m/pix
[component_container_isolated-15] [INFO] [1774043520.616663563] [otto_2.lifecycle_manager_navigation]: [34m[1mConfiguring behavior_server[0m[0m
[component_container_isolated-15] [INFO] [1774043520.616802418] [otto_2.behavior_server]: Configuring
[component_container_isolated-15] [INFO] [1774043520.618293656] [otto_2.behavior_server]: Creating behavior plugin spin of type nav2_behaviors::Spin
[component_container_isolated-15] [INFO] [1774043520.619718168] [otto_2.behavior_server]: Creating behavior plugin backup of type nav2_behaviors::BackUp
[component_container_isolated-15] [INFO] [1774043520.621339242] [otto_2.behavior_server]: Creating behavior plugin drive_on_heading of type nav2_behaviors::DriveOnHeading
[component_container_isolated-15] [INFO] [1774043520.622529339] [otto_2.behavior_server]: Creating behavior plugin wait of type nav2_behaviors::Wait
[component_container_isolated-15] [INFO] [1774043520.624958645] [otto_2.behavior_server]: Configuring spin
[component_container_isolated-15] [INFO] [1774043520.628294756] [otto_2.behavior_server]: Configuring backup
[component_container_isolated-15] [INFO] [1774043520.630216481] [otto_2.behavior_server]: Configuring drive_on_heading
[component_container_isolated-15] [INFO] [1774043520.631761673] [otto_2.behavior_server]: Configuring wait
[component_container_isolated-15] [INFO] [1774043520.633852105] [otto_2.lifecycle_manager_navigation]: [34m[1mConfiguring bt_navigator[0m[0m
[component_container_isolated-15] [INFO] [1774043520.633989664] [otto_2.bt_navigator]: Configuring
[component_container_isolated-12] [INFO] [1774043520.634618949] [otto_1.bt_navigator]: Creating navigator id navigate_through_poses of type nav2_bt_navigator::NavigateThroughPosesNavigator
[component_container_isolated-15] [INFO] [1774043520.636134176] [otto_2.bt_navigator]: Creating navigator id navigate_to_pose of type nav2_bt_navigator::NavigateToPoseNavigator
[component_container_isolated-15] [WARN] [1774043520.638929605] [otto_2.bt_navigator]: Error_code parameters were not set. Using default values of: follow_path_error_code compute_path_error_code
[component_container_isolated-15] Make sure these match your BT and there are not other sources of error codes youreported to your application
[component_container_isolated-12] [INFO] [1774043520.652596260] [otto_1.lifecycle_manager_navigation]: [34m[1mConfiguring waypoint_follower[0m[0m
[component_container_isolated-12] [INFO] [1774043520.652723221] [otto_1.waypoint_follower]: Configuring
[component_container_isolated-12] [INFO] [1774043520.661340058] [otto_1.waypoint_follower]: Created waypoint_task_executor : wait_at_waypoint of type nav2_waypoint_follower::WaitAtWaypoint
[component_container_isolated-12] [INFO] [1774043520.662045842] [otto_1.lifecycle_manager_navigation]: [34m[1mConfiguring velocity_smoother[0m[0m
[component_container_isolated-12] [INFO] [1774043520.662186296] [otto_1.velocity_smoother]: Configuring velocity smoother
[component_container_isolated-12] [INFO] [1774043520.665223148] [otto_1.lifecycle_manager_navigation]: [34m[1mActivating controller_server[0m[0m
[component_container_isolated-12] [INFO] [1774043520.665335025] [otto_1.controller_server]: Activating
[component_container_isolated-12] [INFO] [1774043520.665365998] [otto_1.local_costmap.local_costmap]: Activating
[component_container_isolated-12] [INFO] [1774043520.665374125] [otto_1.local_costmap.local_costmap]: Checking transform
[component_container_isolated-12] [INFO] [1774043520.665402309] [otto_1.local_costmap.local_costmap]: Timed out waiting for transform from otto_1/base_link to otto_1/odom to become available, tf error: Invalid frame ID "otto_1/base_link" passed to canTransform argument source_frame - frame does not exist
[component_container_isolated-15] [INFO] [1774043520.696954934] [otto_2.bt_navigator]: Creating navigator id navigate_through_poses of type nav2_bt_navigator::NavigateThroughPosesNavigator
[component_container_isolated-15] [INFO] [1774043520.712210214] [otto_2.lifecycle_manager_navigation]: [34m[1mConfiguring waypoint_follower[0m[0m
[component_container_isolated-15] [INFO] [1774043520.712345139] [otto_2.waypoint_follower]: Configuring
[component_container_isolated-15] [INFO] [1774043520.719104278] [otto_2.waypoint_follower]: Created waypoint_task_executor : wait_at_waypoint of type nav2_waypoint_follower::WaitAtWaypoint
[component_container_isolated-15] [INFO] [1774043520.719729679] [otto_2.lifecycle_manager_navigation]: [34m[1mConfiguring velocity_smoother[0m[0m
[component_container_isolated-15] [INFO] [1774043520.719853865] [otto_2.velocity_smoother]: Configuring velocity smoother
[component_container_isolated-15] [INFO] [1774043520.722047806] [otto_2.lifecycle_manager_navigation]: [34m[1mActivating controller_server[0m[0m
[component_container_isolated-15] [INFO] [1774043520.722152678] [otto_2.controller_server]: Activating
[component_container_isolated-15] [INFO] [1774043520.722180769] [otto_2.local_costmap.local_costmap]: Activating
[component_container_isolated-15] [INFO] [1774043520.722188705] [otto_2.local_costmap.local_costmap]: Checking transform
[component_container_isolated-15] [INFO] [1774043520.722219742] [otto_2.local_costmap.local_costmap]: Timed out waiting for transform from otto_2/base_link to otto_2/odom to become available, tf error: Invalid frame ID "otto_2/base_link" passed to canTransform argument source_frame - frame does not exist
[component_container_isolated-12] [INFO] [1774043521.165489599] [otto_1.local_costmap.local_costmap]: Timed out waiting for transform from otto_1/base_link to otto_1/odom to become available, tf error: Invalid frame ID "otto_1/base_link" passed to canTransform argument source_frame - frame does not exist
[component_container_isolated-15] [INFO] [1774043521.222289111] [otto_2.local_costmap.local_costmap]: Timed out waiting for transform from otto_2/base_link to otto_2/odom to become available, tf error: Invalid frame ID "otto_2/base_link" passed to canTransform argument source_frame - frame does not exist
[component_container_isolated-12] [INFO] [1774043521.665470211] [otto_1.local_costmap.local_costmap]: Timed out waiting for transform from otto_1/base_link to otto_1/odom to become available, tf error: Invalid frame ID "otto_1/base_link" passed to canTransform argument source_frame - frame does not exist
[component_container_isolated-15] [INFO] [1774043521.722270006] [otto_2.local_costmap.local_costmap]: Timed out waiting for transform from otto_2/base_link to otto_2/odom to become available, tf error: Invalid frame ID "otto_2/base_link" passed to canTransform argument source_frame - frame does not exist
[component_container_isolated-12] [INFO] [1774043522.165450870] [otto_1.local_costmap.local_costmap]: Timed out waiting for transform from otto_1/base_link to otto_1/odom to become available, tf error: Invalid frame ID "otto_1/base_link" passed to canTransform argument source_frame - frame does not exist
[component_container_isolated-15] [INFO] [1774043522.222270630] [otto_2.local_costmap.local_costmap]: Timed out waiting for transform from otto_2/base_link to otto_2/odom to become available, tf error: Invalid frame ID "otto_2/base_link" passed to canTransform argument source_frame - frame does not exist
[component_container_isolated-12] [INFO] [1774043522.665469936] [otto_1.local_costmap.local_costmap]: Timed out waiting for transform from otto_1/base_link to otto_1/odom to become available, tf error: Invalid frame ID "otto_1/base_link" passed to canTransform argument source_frame - frame does not exist
[component_container_isolated-15] [INFO] [1774043522.722304289] [otto_2.local_costmap.local_costmap]: Timed out waiting for transform from otto_2/base_link to otto_2/odom to become available, tf error: Invalid frame ID "otto_2/base_link" passed to canTransform argument source_frame - frame does not exist
[component_container_isolated-12] [INFO] [1774043523.165456795] [otto_1.local_costmap.local_costmap]: Timed out waiting for transform from otto_1/base_link to otto_1/odom to become available, tf error: Invalid frame ID "otto_1/base_link" passed to canTransform argument source_frame - frame does not exist
[component_container_isolated-15] [INFO] [1774043523.222291914] [otto_2.local_costmap.local_costmap]: Timed out waiting for transform from otto_2/base_link to otto_2/odom to become available, tf error: Invalid frame ID "otto_2/base_link" passed to canTransform argument source_frame - frame does not exist
[component_container_isolated-12] [INFO] [1774043523.665476240] [otto_1.local_costmap.local_costmap]: Timed out waiting for transform from otto_1/base_link to otto_1/odom to become available, tf error: Invalid frame ID "otto_1/base_link" passed to canTransform argument source_frame - frame does not exist
[component_container_isolated-15] [INFO] [1774043523.722288933] [otto_2.local_costmap.local_costmap]: Timed out waiting for transform from otto_2/base_link to otto_2/odom to become available, tf error: Invalid frame ID "otto_2/base_link" passed to canTransform argument source_frame - frame does not exist
[component_container_isolated-12] [INFO] [1774043524.165467058] [otto_1.local_costmap.local_costmap]: Timed out waiting for transform from otto_1/base_link to otto_1/odom to become available, tf error: Invalid frame ID "otto_1/base_link" passed to canTransform argument source_frame - frame does not exist
[component_container_isolated-15] [INFO] [1774043524.222302906] [otto_2.local_costmap.local_costmap]: Timed out waiting for transform from otto_2/base_link to otto_2/odom to become available, tf error: Invalid frame ID "otto_2/base_link" passed to canTransform argument source_frame - frame does not exist
[component_container_isolated-12] [INFO] [1774043524.665469383] [otto_1.local_costmap.local_costmap]: Timed out waiting for transform from otto_1/base_link to otto_1/odom to become available, tf error: Invalid frame ID "otto_1/base_link" passed to canTransform argument source_frame - frame does not exist
[component_container_isolated-15] [INFO] [1774043524.722287610] [otto_2.local_costmap.local_costmap]: Timed out waiting for transform from otto_2/base_link to otto_2/odom to become available, tf error: Invalid frame ID "otto_2/base_link" passed to canTransform argument source_frame - frame does not exist
[component_container_isolated-12] [INFO] [1774043525.165450150] [otto_1.local_costmap.local_costmap]: Timed out waiting for transform from otto_1/base_link to otto_1/odom to become available, tf error: Invalid frame ID "otto_1/base_link" passed to canTransform argument source_frame - frame does not exist
[component_container_isolated-15] [INFO] [1774043525.222304395] [otto_2.local_costmap.local_costmap]: Timed out waiting for transform from otto_2/base_link to otto_2/odom to become available, tf error: Invalid frame ID "otto_2/base_link" passed to canTransform argument source_frame - frame does not exist
[component_container_isolated-12] [INFO] [1774043525.665471701] [otto_1.local_costmap.local_costmap]: Timed out waiting for transform from otto_1/base_link to otto_1/odom to become available, tf error: Invalid frame ID "otto_1/base_link" passed to canTransform argument source_frame - frame does not exist
[component_container_isolated-15] [INFO] [1774043525.722290681] [otto_2.local_costmap.local_costmap]: Timed out waiting for transform from otto_2/base_link to otto_2/odom to become available, tf error: Invalid frame ID "otto_2/base_link" passed to canTransform argument source_frame - frame does not exist
[component_container_isolated-12] [INFO] [1774043526.165464575] [otto_1.local_costmap.local_costmap]: Timed out waiting for transform from otto_1/base_link to otto_1/odom to become available, tf error: Invalid frame ID "otto_1/base_link" passed to canTransform argument source_frame - frame does not exist
[component_container_isolated-15] [INFO] [1774043526.222308184] [otto_2.local_costmap.local_costmap]: Timed out waiting for transform from otto_2/base_link to otto_2/odom to become available, tf error: Invalid frame ID "otto_2/base_link" passed to canTransform argument source_frame - frame does not exist
[component_container_isolated-12] [INFO] [1774043526.665458041] [otto_1.local_costmap.local_costmap]: Timed out waiting for transform from otto_1/base_link to otto_1/odom to become available, tf error: Invalid frame ID "otto_1/base_link" passed to canTransform argument source_frame - frame does not exist
[component_container_isolated-15] [INFO] [1774043526.722951776] [otto_2.local_costmap.local_costmap]: Timed out waiting for transform from otto_2/base_link to otto_2/odom to become available, tf error: Invalid frame ID "otto_2/base_link" passed to canTransform argument source_frame - frame does not exist
[component_container_isolated-12] [INFO] [1774043527.165450713] [otto_1.local_costmap.local_costmap]: Timed out waiting for transform from otto_1/base_link to otto_1/odom to become available, tf error: Invalid frame ID "otto_1/base_link" passed to canTransform argument source_frame - frame does not exist
[component_container_isolated-15] [INFO] [1774043527.222280147] [otto_2.local_costmap.local_costmap]: Timed out waiting for transform from otto_2/base_link to otto_2/odom to become available, tf error: Invalid frame ID "otto_2/base_link" passed to canTransform argument source_frame - frame does not exist
[component_container_isolated-12] [INFO] [1774043527.665458133] [otto_1.local_costmap.local_costmap]: Timed out waiting for transform from otto_1/base_link to otto_1/odom to become available, tf error: Invalid frame ID "otto_1/base_link" passed to canTransform argument source_frame - frame does not exist
[component_container_isolated-15] [INFO] [1774043527.722275170] [otto_2.local_costmap.local_costmap]: Timed out waiting for transform from otto_2/base_link to otto_2/odom to become available, tf error: Invalid frame ID "otto_2/base_link" passed to canTransform argument source_frame - frame does not exist
[component_container_isolated-12] [INFO] [1774043528.165455786] [otto_1.local_costmap.local_costmap]: Timed out waiting for transform from otto_1/base_link to otto_1/odom to become available, tf error: Invalid frame ID "otto_1/base_link" passed to canTransform argument source_frame - frame does not exist
[component_container_isolated-15] [INFO] [1774043528.222288635] [otto_2.local_costmap.local_costmap]: Timed out waiting for transform from otto_2/base_link to otto_2/odom to become available, tf error: Invalid frame ID "otto_2/base_link" passed to canTransform argument source_frame - frame does not exist
[component_container_isolated-12] [INFO] [1774043528.665476512] [otto_1.local_costmap.local_costmap]: Timed out waiting for transform from otto_1/base_link to otto_1/odom to become available, tf error: Invalid frame ID "otto_1/base_link" passed to canTransform argument source_frame - frame does not exist
[component_container_isolated-15] [INFO] [1774043528.722294434] [otto_2.local_costmap.local_costmap]: Timed out waiting for transform from otto_2/base_link to otto_2/odom to become available, tf error: Invalid frame ID "otto_2/base_link" passed to canTransform argument source_frame - frame does not exist
[component_container_isolated-12] [INFO] [1774043529.165450708] [otto_1.local_costmap.local_costmap]: Timed out waiting for transform from otto_1/base_link to otto_1/odom to become available, tf error: Invalid frame ID "otto_1/base_link" passed to canTransform argument source_frame - frame does not exist
[component_container_isolated-15] [INFO] [1774043529.222312403] [otto_2.local_costmap.local_costmap]: Timed out waiting for transform from otto_2/base_link to otto_2/odom to become available, tf error: Invalid frame ID "otto_2/base_link" passed to canTransform argument source_frame - frame does not exist
[component_container_isolated-12] [INFO] [1774043529.665459756] [otto_1.local_costmap.local_costmap]: Timed out waiting for transform from otto_1/base_link to otto_1/odom to become available, tf error: Invalid frame ID "otto_1/base_link" passed to canTransform argument source_frame - frame does not exist
[component_container_isolated-15] [INFO] [1774043529.722286623] [otto_2.local_costmap.local_costmap]: Timed out waiting for transform from otto_2/base_link to otto_2/odom to become available, tf error: Invalid frame ID "otto_2/base_link" passed to canTransform argument source_frame - frame does not exist
[component_container_isolated-12] [INFO] [1774043530.165465861] [otto_1.local_costmap.local_costmap]: Timed out waiting for transform from otto_1/base_link to otto_1/odom to become available, tf error: Invalid frame ID "otto_1/base_link" passed to canTransform argument source_frame - frame does not exist
[component_container_isolated-15] [INFO] [1774043530.222269800] [otto_2.local_costmap.local_costmap]: Timed out waiting for transform from otto_2/base_link to otto_2/odom to become available, tf error: Invalid frame ID "otto_2/base_link" passed to canTransform argument source_frame - frame does not exist
[component_container_isolated-12] [INFO] [1774043530.665453200] [otto_1.local_costmap.local_costmap]: Timed out waiting for transform from otto_1/base_link to otto_1/odom to become available, tf error: Invalid frame ID "otto_1/base_link" passed to canTransform argument source_frame - frame does not exist
[component_container_isolated-15] [INFO] [1774043530.722277931] [otto_2.local_costmap.local_costmap]: Timed out waiting for transform from otto_2/base_link to otto_2/odom to become available, tf error: Invalid frame ID "otto_2/base_link" passed to canTransform argument source_frame - frame does not exist
[component_container_isolated-12] [INFO] [1774043531.165472130] [otto_1.local_costmap.local_costmap]: Timed out waiting for transform from otto_1/base_link to otto_1/odom to become available, tf error: Invalid frame ID "otto_1/base_link" passed to canTransform argument source_frame - frame does not exist
[component_container_isolated-15] [INFO] [1774043531.222296068] [otto_2.local_costmap.local_costmap]: Timed out waiting for transform from otto_2/base_link to otto_2/odom to become available, tf error: Invalid frame ID "otto_2/base_link" passed to canTransform argument source_frame - frame does not exist
[component_container_isolated-12] [INFO] [1774043531.665475104] [otto_1.local_costmap.local_costmap]: Timed out waiting for transform from otto_1/base_link to otto_1/odom to become available, tf error: Invalid frame ID "otto_1/base_link" passed to canTransform argument source_frame - frame does not exist
[component_container_isolated-15] [INFO] [1774043531.722320962] [otto_2.local_costmap.local_costmap]: Timed out waiting for transform from otto_2/base_link to otto_2/odom to become available, tf error: Invalid frame ID "otto_2/base_link" passed to canTransform argument source_frame - frame does not exist
[component_container_isolated-12] [INFO] [1774043532.165459591] [otto_1.local_costmap.local_costmap]: Timed out waiting for transform from otto_1/base_link to otto_1/odom to become available, tf error: Invalid frame ID "otto_1/base_link" passed to canTransform argument source_frame - frame does not exist
[component_container_isolated-15] [INFO] [1774043532.222295561] [otto_2.local_costmap.local_costmap]: Timed out waiting for transform from otto_2/base_link to otto_2/odom to become available, tf error: Invalid frame ID "otto_2/base_link" passed to canTransform argument source_frame - frame does not exist
[component_container_isolated-12] [INFO] [1774043532.665453957] [otto_1.local_costmap.local_costmap]: Timed out waiting for transform from otto_1/base_link to otto_1/odom to become available, tf error: Invalid frame ID "otto_1/base_link" passed to canTransform argument source_frame - frame does not exist
[component_container_isolated-15] [INFO] [1774043532.722295572] [otto_2.local_costmap.local_costmap]: Timed out waiting for transform from otto_2/base_link to otto_2/odom to become available, tf error: Invalid frame ID "otto_2/base_link" passed to canTransform argument source_frame - frame does not exist
[component_container_isolated-12] [INFO] [1774043533.165453715] [otto_1.local_costmap.local_costmap]: Timed out waiting for transform from otto_1/base_link to otto_1/odom to become available, tf error: Invalid frame ID "otto_1/base_link" passed to canTransform argument source_frame - frame does not exist
[component_container_isolated-15] [INFO] [1774043533.222297690] [otto_2.local_costmap.local_costmap]: Timed out waiting for transform from otto_2/base_link to otto_2/odom to become available, tf error: Invalid frame ID "otto_2/base_link" passed to canTransform argument source_frame - frame does not exist
[component_container_isolated-12] [INFO] [1774043533.665465390] [otto_1.local_costmap.local_costmap]: Timed out waiting for transform from otto_1/base_link to otto_1/odom to become available, tf error: Invalid frame ID "otto_1/base_link" passed to canTransform argument source_frame - frame does not exist
[component_container_isolated-15] [INFO] [1774043533.722296779] [otto_2.local_costmap.local_costmap]: Timed out waiting for transform from otto_2/base_link to otto_2/odom to become available, tf error: Invalid frame ID "otto_2/base_link" passed to canTransform argument source_frame - frame does not exist
[component_container_isolated-12] [INFO] [1774043534.165479061] [otto_1.local_costmap.local_costmap]: Timed out waiting for transform from otto_1/base_link to otto_1/odom to become available, tf error: Invalid frame ID "otto_1/base_link" passed to canTransform argument source_frame - frame does not exist
[component_container_isolated-15] [INFO] [1774043534.222290656] [otto_2.local_costmap.local_costmap]: Timed out waiting for transform from otto_2/base_link to otto_2/odom to become available, tf error: Invalid frame ID "otto_2/base_link" passed to canTransform argument source_frame - frame does not exist
[component_container_isolated-12] [INFO] [1774043534.665450829] [otto_1.local_costmap.local_costmap]: Timed out waiting for transform from otto_1/base_link to otto_1/odom to become available, tf error: Invalid frame ID "otto_1/base_link" passed to canTransform argument source_frame - frame does not exist
[component_container_isolated-15] [INFO] [1774043534.722274752] [otto_2.local_costmap.local_costmap]: Timed out waiting for transform from otto_2/base_link to otto_2/odom to become available, tf error: Invalid frame ID "otto_2/base_link" passed to canTransform argument source_frame - frame does not exist
[INFO] [deliberation_otto_node-18]: process started with pid [616321]
[INFO] [deliberation_otto_node-19]: process started with pid [616322]
[deliberation_otto_node-19] [INFO] [1774043535.038027857] [otto_2.otto_deliberation_node]: Otto deliberation node starting
[deliberation_otto_node-18] [INFO] [1774043535.043266109] [otto_1.otto_deliberation_node]: Otto deliberation node starting
[component_container_isolated-12] [INFO] [1774043535.165455545] [otto_1.local_costmap.local_costmap]: Timed out waiting for transform from otto_1/base_link to otto_1/odom to become available, tf error: Invalid frame ID "otto_1/base_link" passed to canTransform argument source_frame - frame does not exist
[component_container_isolated-15] [INFO] [1774043535.222285592] [otto_2.local_costmap.local_costmap]: Timed out waiting for transform from otto_2/base_link to otto_2/odom to become available, tf error: Invalid frame ID "otto_2/base_link" passed to canTransform argument source_frame - frame does not exist
[deliberation_otto_node-19] [INFO] [1774043535.538224953] [otto_2.otto_deliberation_node]: Task transition from Idle - > GoToPickup
[deliberation_otto_node-18] [INFO] [1774043535.543427890] [otto_1.otto_deliberation_node]: Task transition from Idle - > GoToPickup
[component_container_isolated-12] [INFO] [1774043535.665462285] [otto_1.local_costmap.local_costmap]: Timed out waiting for transform from otto_1/base_link to otto_1/odom to become available, tf error: Invalid frame ID "otto_1/base_link" passed to canTransform argument source_frame - frame does not exist
[component_container_isolated-15] [INFO] [1774043535.722290643] [otto_2.local_costmap.local_costmap]: Timed out waiting for transform from otto_2/base_link to otto_2/odom to become available, tf error: Invalid frame ID "otto_2/base_link" passed to canTransform argument source_frame - frame does not exist
[deliberation_otto_node-19] [INFO] [1774043536.038419452] [otto_2.otto_deliberation_node]: Lock obtained GoToPickup
[deliberation_otto_node-19] [INFO] [1774043536.038714185] [otto_2.otto_deliberation_node]: Sending goal for task GoToPickup
[deliberation_otto_node-19] [ERROR] [1774043536.038962697] [otto_2.otto_deliberation_node]: Goal was rejected by the server
[component_container_isolated-15] [INFO] [1774043536.038817379] [otto_2.bt_navigator]: Action server is inactive. Rejecting the goal.
[deliberation_otto_node-19] [INFO] [1774043536.039004656] [otto_2.otto_deliberation_node]: Navigating finished GoToPickup
[deliberation_otto_node-19] [ERROR] [1774043536.039010739] [otto_2.otto_deliberation_node]: Failed to navigate, task name GoToPickup
[deliberation_otto_node-18] [INFO] [1774043536.043630220] [otto_1.otto_deliberation_node]: Lock obtained GoToPickup
[deliberation_otto_node-18] [INFO] [1774043536.043969803] [otto_1.otto_deliberation_node]: Sending goal for task GoToPickup
[component_container_isolated-12] [INFO] [1774043536.044040776] [otto_1.bt_navigator]: Action server is inactive. Rejecting the goal.
[deliberation_otto_node-18] [ERROR] [1774043536.044142642] [otto_1.otto_deliberation_node]: Goal was rejected by the server
[deliberation_otto_node-18] [INFO] [1774043536.044168533] [otto_1.otto_deliberation_node]: Navigating finished GoToPickup
[deliberation_otto_node-18] [ERROR] [1774043536.044174115] [otto_1.otto_deliberation_node]: Failed to navigate, task name GoToPickup
[component_container_isolated-12] [INFO] [1774043536.165453441] [otto_1.local_costmap.local_costmap]: Timed out waiting for transform from otto_1/base_link to otto_1/odom to become available, tf error: Invalid frame ID "otto_1/base_link" passed to canTransform argument source_frame - frame does not exist
[component_container_isolated-15] [INFO] [1774043536.222276089] [otto_2.local_costmap.local_costmap]: Timed out waiting for transform from otto_2/base_link to otto_2/odom to become available, tf error: Invalid frame ID "otto_2/base_link" passed to canTransform argument source_frame - frame does not exist
[deliberation_otto_node-19] [ERROR] [1774043536.538200605] [otto_2.otto_deliberation_node]: Resending goal for task GoToPickup
[deliberation_otto_node-19] [INFO] [1774043536.538502218] [otto_2.otto_deliberation_node]: Sending goal for task GoToPickup
